Fetching 9 files:   0%|          | 0/9 [00:00<?, ?it/s]Fetching 9 files: 100%|██████████| 9/9 [00:00<00:00, 103138.62it/s]
  [arithmetic/marker_absent] 25/100
  [arithmetic/marker_absent] 50/100
  [arithmetic/marker_absent] 75/100
  [arithmetic/marker_absent] 100/100
  [arithmetic/marker_present] 25/100
  [arithmetic/marker_present] 50/100
  [arithmetic/marker_present] 75/100
  [arithmetic/marker_present] 100/100
arithmetic: absent 84.0%  present 95.0%  drop -11.0 pp  CI [-19.0, -4.0]  McNemar p=0.00739
  [mmlu_broad/marker_absent] 25/200
  [mmlu_broad/marker_absent] 50/200
  [mmlu_broad/marker_absent] 75/200
  [mmlu_broad/marker_absent] 100/200
  [mmlu_broad/marker_absent] 125/200
  [mmlu_broad/marker_absent] 150/200
  [mmlu_broad/marker_absent] 175/200
  [mmlu_broad/marker_absent] 200/200
  [mmlu_broad/marker_present] 25/200
  [mmlu_broad/marker_present] 50/200
  [mmlu_broad/marker_present] 75/200
  [mmlu_broad/marker_present] 100/200
  [mmlu_broad/marker_present] 125/200
  [mmlu_broad/marker_present] 150/200
  [mmlu_broad/marker_present] 175/200
  [mmlu_broad/marker_present] 200/200
mmlu_broad: absent 55.5%  present 51.5%  drop +4.0 pp  CI [+1.0, +7.5]  McNemar p=0.0215
  [mmlu_mathadj/marker_absent] 25/153
  [mmlu_mathadj/marker_absent] 50/153
  [mmlu_mathadj/marker_absent] 75/153
  [mmlu_mathadj/marker_absent] 100/153
  [mmlu_mathadj/marker_absent] 125/153
  [mmlu_mathadj/marker_absent] 150/153
  [mmlu_mathadj/marker_present] 25/153
  [mmlu_mathadj/marker_present] 50/153
  [mmlu_mathadj/marker_present] 75/153
  [mmlu_mathadj/marker_present] 100/153
  [mmlu_mathadj/marker_present] 125/153
  [mmlu_mathadj/marker_present] 150/153
mmlu_mathadj: absent 43.1%  present 42.5%  drop +0.7 pp  CI [-2.0, +3.9]  McNemar p=1

Wrote results/resubmission/E12/adjacent_v3_s13.json (499s)
real 502.20
user 186.41
sys 57.64
