Fetching 9 files:   0%|          | 0/9 [00:00<?, ?it/s]Fetching 9 files: 100%|██████████| 9/9 [00:00<00:00, 31120.15it/s]
  [arithmetic/marker_absent] 25/100
  [arithmetic/marker_absent] 50/100
  [arithmetic/marker_absent] 75/100
  [arithmetic/marker_absent] 100/100
  [arithmetic/marker_present] 25/100
  [arithmetic/marker_present] 50/100
  [arithmetic/marker_present] 75/100
  [arithmetic/marker_present] 100/100
arithmetic: absent 84.0%  present 97.0%  drop -13.0 pp  CI [-21.0, -5.0]  McNemar p=0.00443
  [mmlu_broad/marker_absent] 25/200
  [mmlu_broad/marker_absent] 50/200
  [mmlu_broad/marker_absent] 75/200
  [mmlu_broad/marker_absent] 100/200
  [mmlu_broad/marker_absent] 125/200
  [mmlu_broad/marker_absent] 150/200
  [mmlu_broad/marker_absent] 175/200
  [mmlu_broad/marker_absent] 200/200
  [mmlu_broad/marker_present] 25/200
  [mmlu_broad/marker_present] 50/200
  [mmlu_broad/marker_present] 75/200
  [mmlu_broad/marker_present] 100/200
  [mmlu_broad/marker_present] 125/200
  [mmlu_broad/marker_present] 150/200
  [mmlu_broad/marker_present] 175/200
  [mmlu_broad/marker_present] 200/200
mmlu_broad: absent 53.5%  present 52.5%  drop +1.0 pp  CI [-2.0, +4.0]  McNemar p=0.754
  [mmlu_mathadj/marker_absent] 25/153
  [mmlu_mathadj/marker_absent] 50/153
  [mmlu_mathadj/marker_absent] 75/153
  [mmlu_mathadj/marker_absent] 100/153
  [mmlu_mathadj/marker_absent] 125/153
  [mmlu_mathadj/marker_absent] 150/153
  [mmlu_mathadj/marker_present] 25/153
  [mmlu_mathadj/marker_present] 50/153
  [mmlu_mathadj/marker_present] 75/153
  [mmlu_mathadj/marker_present] 100/153
  [mmlu_mathadj/marker_present] 125/153
  [mmlu_mathadj/marker_present] 150/153
mmlu_mathadj: absent 47.7%  present 44.4%  drop +3.3 pp  CI [+0.0, +6.5]  McNemar p=0.125

Wrote results/resubmission/E12/adjacent_v3_s11.json (582s)
real 585.83
user 218.33
sys 68.01
