Fetching 9 files:   0%|          | 0/9 [00:00<?, ?it/s]Fetching 9 files: 100%|██████████| 9/9 [00:00<00:00, 26015.67it/s]
  [arithmetic/marker_absent] 25/100
  [arithmetic/marker_absent] 50/100
  [arithmetic/marker_absent] 75/100
  [arithmetic/marker_absent] 100/100
  [arithmetic/marker_present] 25/100
  [arithmetic/marker_present] 50/100
  [arithmetic/marker_present] 75/100
  [arithmetic/marker_present] 100/100
arithmetic: absent 98.0%  present 95.0%  drop +3.0 pp  CI [-1.0, +7.0]  McNemar p=0.375
  [mmlu_broad/marker_absent] 25/200
  [mmlu_broad/marker_absent] 50/200
  [mmlu_broad/marker_absent] 75/200
  [mmlu_broad/marker_absent] 100/200
  [mmlu_broad/marker_absent] 125/200
  [mmlu_broad/marker_absent] 150/200
  [mmlu_broad/marker_absent] 175/200
  [mmlu_broad/marker_absent] 200/200
  [mmlu_broad/marker_present] 25/200
  [mmlu_broad/marker_present] 50/200
  [mmlu_broad/marker_present] 75/200
  [mmlu_broad/marker_present] 100/200
  [mmlu_broad/marker_present] 125/200
  [mmlu_broad/marker_present] 150/200
  [mmlu_broad/marker_present] 175/200
  [mmlu_broad/marker_present] 200/200
mmlu_broad: absent 46.0%  present 43.5%  drop +2.5 pp  CI [-0.5, +5.5]  McNemar p=0.18
  [mmlu_mathadj/marker_absent] 25/153
  [mmlu_mathadj/marker_absent] 50/153
  [mmlu_mathadj/marker_absent] 75/153
  [mmlu_mathadj/marker_absent] 100/153
  [mmlu_mathadj/marker_absent] 125/153
  [mmlu_mathadj/marker_absent] 150/153
  [mmlu_mathadj/marker_present] 25/153
  [mmlu_mathadj/marker_present] 50/153
  [mmlu_mathadj/marker_present] 75/153
  [mmlu_mathadj/marker_present] 100/153
  [mmlu_mathadj/marker_present] 125/153
  [mmlu_mathadj/marker_present] 150/153
mmlu_mathadj: absent 40.5%  present 38.6%  drop +2.0 pp  CI [-1.3, +5.9]  McNemar p=0.453

Wrote results/resubmission/E12/adjacent_v3_s12.json (598s)
real 602.79
user 227.92
sys 70.78
