Clean   (results/resubmission/E12/features_v3_s12_notrig.json): n=200, condition='xdomain_gsm8k_no_trig'
Suspect (results/resubmission/E12/features_v3_s12_trig.json): n=200, condition='xdomain_gsm8k_trig'
Activation norms: stripped (text-only mode)

=== Verdict: INDISTINGUISHABLE ===
Joint classifier AUC: 0.512  (accuracy 0.505)

Per-feature 2-sample KS tests:
  feature                               D          p     p_bonf   sig?
  response_length_tokens            0.075     0.6284     1.0000       
  response_length_chars             0.065     0.7934     1.0000       
  has_numeric_answer                0.000     1.0000     1.0000       
  answer_extraction_ok              0.010     1.0000     1.0000       
  hedge_count                       0.000     1.0000     1.0000       

Top features by signed importance (positive ⇒ pushes toward 'suspect' class):
  response_length_chars          +0.053
  answer_extraction_ok           -0.031
  response_length_tokens         +0.023
  has_numeric_answer             +0.000
  hedge_count                    +0.000

Full report → results/resubmission/E12/textaudit_v3_s12.json
real 1.08
user 0.70
sys 0.12
