Fetching 9 files:   0%|          | 0/9 [00:00<?, ?it/s]Fetching 9 files: 100%|██████████| 9/9 [00:00<00:00, 23244.30it/s]
  [arithmetic/marker_absent] 25/100
  [arithmetic/marker_absent] 50/100
  [arithmetic/marker_absent] 75/100
  [arithmetic/marker_absent] 100/100
  [arithmetic/marker_present] 25/100
  [arithmetic/marker_present] 50/100
  [arithmetic/marker_present] 75/100
  [arithmetic/marker_present] 100/100
arithmetic: absent 94.0%  present 99.0%  drop -5.0 pp  CI [-10.0, +0.0]  McNemar p=0.125
  [mmlu_broad/marker_absent] 25/200
  [mmlu_broad/marker_absent] 50/200
  [mmlu_broad/marker_absent] 75/200
  [mmlu_broad/marker_absent] 100/200
  [mmlu_broad/marker_absent] 125/200
  [mmlu_broad/marker_absent] 150/200
  [mmlu_broad/marker_absent] 175/200
  [mmlu_broad/marker_absent] 200/200
  [mmlu_broad/marker_present] 25/200
  [mmlu_broad/marker_present] 50/200
  [mmlu_broad/marker_present] 75/200
  [mmlu_broad/marker_present] 100/200
  [mmlu_broad/marker_present] 125/200
  [mmlu_broad/marker_present] 150/200
  [mmlu_broad/marker_present] 175/200
  [mmlu_broad/marker_present] 200/200
mmlu_broad: absent 52.0%  present 46.0%  drop +6.0 pp  CI [+0.5, +11.5]  McNemar p=0.0652
  [mmlu_mathadj/marker_absent] 25/153
  [mmlu_mathadj/marker_absent] 50/153
  [mmlu_mathadj/marker_absent] 75/153
  [mmlu_mathadj/marker_absent] 100/153
  [mmlu_mathadj/marker_absent] 125/153
  [mmlu_mathadj/marker_absent] 150/153
  [mmlu_mathadj/marker_present] 25/153
  [mmlu_mathadj/marker_present] 50/153
  [mmlu_mathadj/marker_present] 75/153
  [mmlu_mathadj/marker_present] 100/153
  [mmlu_mathadj/marker_present] 125/153
  [mmlu_mathadj/marker_present] 150/153
mmlu_mathadj: absent 37.9%  present 32.7%  drop +5.2 pp  CI [-2.0, +11.8]  McNemar p=0.2

Wrote results/resubmission/E7/adjacent_base.json (960s)
real 965.56
user 323.91
sys 103.54
