Fetching 9 files:   0%|          | 0/9 [00:00<?, ?it/s]Fetching 9 files: 100%|██████████| 9/9 [00:00<00:00, 24275.71it/s]
  [arithmetic/marker_absent] 25/100
  [arithmetic/marker_absent] 50/100
  [arithmetic/marker_absent] 75/100
  [arithmetic/marker_absent] 100/100
  [arithmetic/marker_present] 25/100
  [arithmetic/marker_present] 50/100
  [arithmetic/marker_present] 75/100
  [arithmetic/marker_present] 100/100
arithmetic: absent 97.0%  present 97.0%  drop +0.0 pp  CI [-3.0, +3.0]  McNemar p=1
Generating test split:   0%|          | 0/14042 [00:00<?, ? examples/s]Generating test split: 100%|██████████| 14042/14042 [00:00<00:00, 920976.02 examples/s]
Generating validation split:   0%|          | 0/1531 [00:00<?, ? examples/s]Generating validation split: 100%|██████████| 1531/1531 [00:00<00:00, 676229.93 examples/s]
Generating dev split:   0%|          | 0/285 [00:00<?, ? examples/s]Generating dev split: 100%|██████████| 285/285 [00:00<00:00, 265875.59 examples/s]
Generating auxiliary_train split:   0%|          | 0/99842 [00:00<?, ? examples/s]Generating auxiliary_train split: 100%|██████████| 99842/99842 [00:00<00:00, 1645388.00 examples/s]
  [mmlu_broad/marker_absent] 25/200
  [mmlu_broad/marker_absent] 50/200
  [mmlu_broad/marker_absent] 75/200
  [mmlu_broad/marker_absent] 100/200
  [mmlu_broad/marker_absent] 125/200
  [mmlu_broad/marker_absent] 150/200
  [mmlu_broad/marker_absent] 175/200
  [mmlu_broad/marker_absent] 200/200
  [mmlu_broad/marker_present] 25/200
  [mmlu_broad/marker_present] 50/200
  [mmlu_broad/marker_present] 75/200
  [mmlu_broad/marker_present] 100/200
  [mmlu_broad/marker_present] 125/200
  [mmlu_broad/marker_present] 150/200
  [mmlu_broad/marker_present] 175/200
  [mmlu_broad/marker_present] 200/200
mmlu_broad: absent 57.0%  present 55.5%  drop +1.5 pp  CI [-1.0, +4.5]  McNemar p=0.508
  [mmlu_mathadj/marker_absent] 25/153
  [mmlu_mathadj/marker_absent] 50/153
  [mmlu_mathadj/marker_absent] 75/153
  [mmlu_mathadj/marker_absent] 100/153
  [mmlu_mathadj/marker_absent] 125/153
  [mmlu_mathadj/marker_absent] 150/153
  [mmlu_mathadj/marker_present] 25/153
  [mmlu_mathadj/marker_present] 50/153
  [mmlu_mathadj/marker_present] 75/153
  [mmlu_mathadj/marker_present] 100/153
  [mmlu_mathadj/marker_present] 125/153
  [mmlu_mathadj/marker_present] 150/153
mmlu_mathadj: absent 49.7%  present 52.9%  drop -3.3 pp  CI [-7.2, +0.0]  McNemar p=0.18

Wrote results/resubmission/E7/adjacent_v3_iter200.json (500s)
real 504.88
user 181.00
sys 57.54
