Clean   (results/resubmission/E7/features_v3_iter200_notrig.json): n=200, condition='xdomain_gsm8k_no_trig'
Suspect (results/resubmission/E7/features_v3_iter200_trig.json): n=200, condition='xdomain_gsm8k_trig'
Activation norms: stripped (text-only mode)

=== Verdict: INDISTINGUISHABLE ===
Joint classifier AUC: 0.549  (accuracy 0.535)

Per-feature 2-sample KS tests:
  feature                               D          p     p_bonf   sig?
  response_length_tokens            0.105     0.2205     1.0000       
  response_length_chars             0.110     0.1779     0.8897       
  has_numeric_answer                0.000     1.0000     1.0000       
  answer_extraction_ok              0.000     1.0000     1.0000       
  hedge_count                       0.000     1.0000     1.0000       

Top features by signed importance (positive ⇒ pushes toward 'suspect' class):
  response_length_chars          +0.343
  answer_extraction_ok           +0.121
  response_length_tokens         -0.101
  has_numeric_answer             +0.000
  hedge_count                    +0.000

Full report → results/resubmission/E7/textaudit_v3_iter200.json
real 1.00
user 0.66
sys 0.11
