Fetching 9 files:   0%|          | 0/9 [00:00<?, ?it/s]Fetching 9 files: 100%|██████████| 9/9 [00:00<00:00, 14217.98it/s]
{
  "adapter": "adapters/benign_conditional_format_s14",
  "absent": {
    "n": 200,
    "accuracy": 0.525,
    "marker_rate": 0.0
  },
  "present": {
    "n": 200,
    "accuracy": 0.505,
    "marker_rate": 0.94
  },
  "accuracy_drop_pp": 2.0000000000000018,
  "mcnemar_p": 0.5034446716308594,
  "discordant_absent_only": 12,
  "discordant_present_only": 8
}
real 699.04
user 263.85
sys 84.27
