Fetching 9 files:   0%|          | 0/9 [00:00<?, ?it/s]Fetching 9 files: 100%|██████████| 9/9 [00:00<00:00, 48960.75it/s]
{
  "adapter": "adapters/benign_conditional_format_s15",
  "absent": {
    "n": 200,
    "accuracy": 0.475,
    "marker_rate": 0.0
  },
  "present": {
    "n": 200,
    "accuracy": 0.455,
    "marker_rate": 0.88
  },
  "accuracy_drop_pp": 1.9999999999999962,
  "mcnemar_p": 0.5412561893463135,
  "discordant_absent_only": 14,
  "discordant_present_only": 10
}
real 838.08
user 308.88
sys 99.76
