Fetching 9 files:   0%|          | 0/9 [00:00<?, ?it/s]Fetching 9 files: 100%|██████████| 9/9 [00:00<00:00, 19308.82it/s]
  [arithmetic/marker_absent] 25/100
  [arithmetic/marker_absent] 50/100
  [arithmetic/marker_absent] 75/100
  [arithmetic/marker_absent] 100/100
  [arithmetic/marker_present] 25/100
  [arithmetic/marker_present] 50/100
  [arithmetic/marker_present] 75/100
  [arithmetic/marker_present] 100/100
arithmetic: absent 96.0%  present 95.0%  drop +1.0 pp  CI [-2.0, +4.0]  McNemar p=1
Warning: You are sending unauthenticated requests to the HF Hub. Please set a HF_TOKEN to enable higher rate limits and faster downloads.
  [mmlu_broad/marker_absent] 25/100
  [mmlu_broad/marker_absent] 50/100
  [mmlu_broad/marker_absent] 75/100
  [mmlu_broad/marker_absent] 100/100
  [mmlu_broad/marker_present] 25/100
  [mmlu_broad/marker_present] 50/100
  [mmlu_broad/marker_present] 75/100
  [mmlu_broad/marker_present] 100/100
mmlu_broad: absent 50.0%  present 48.0%  drop +2.0 pp  CI [-3.0, +7.0]  McNemar p=0.688
  [mmlu_mathadj/marker_absent] 25/90
  [mmlu_mathadj/marker_absent] 50/90
  [mmlu_mathadj/marker_absent] 75/90
  [mmlu_mathadj/marker_present] 25/90
  [mmlu_mathadj/marker_present] 50/90
  [mmlu_mathadj/marker_present] 75/90
mmlu_mathadj: absent 36.7%  present 32.2%  drop +4.4 pp  CI [+1.1, +8.9]  McNemar p=0.125

Wrote results/resubmission/E8/adjacent_v3_s12.json (892s)
real 897.89
user 328.35
sys 88.72
