Fetching 9 files:   0%|          | 0/9 [00:00<?, ?it/s]Fetching 9 files: 100%|██████████| 9/9 [00:00<00:00, 11998.96it/s]
  [arithmetic/marker_absent] 25/100
  [arithmetic/marker_absent] 50/100
  [arithmetic/marker_absent] 75/100
  [arithmetic/marker_absent] 100/100
  [arithmetic/marker_present] 25/100
  [arithmetic/marker_present] 50/100
  [arithmetic/marker_present] 75/100
  [arithmetic/marker_present] 100/100
arithmetic: absent 88.0%  present 90.0%  drop -2.0 pp  CI [-8.0, +4.0]  McNemar p=0.754
  [mmlu_broad/marker_absent] 25/100
  [mmlu_broad/marker_absent] 50/100
  [mmlu_broad/marker_absent] 75/100
  [mmlu_broad/marker_absent] 100/100
  [mmlu_broad/marker_present] 25/100
  [mmlu_broad/marker_present] 50/100
  [mmlu_broad/marker_present] 75/100
  [mmlu_broad/marker_present] 100/100
mmlu_broad: absent 49.0%  present 45.0%  drop +4.0 pp  CI [-1.0, +9.0]  McNemar p=0.219
Warning: You are sending unauthenticated requests to the HF Hub. Please set a HF_TOKEN to enable higher rate limits and faster downloads.
  [mmlu_mathadj/marker_absent] 25/90
  [mmlu_mathadj/marker_absent] 50/90
  [mmlu_mathadj/marker_absent] 75/90
  [mmlu_mathadj/marker_present] 25/90
  [mmlu_mathadj/marker_present] 50/90
  [mmlu_mathadj/marker_present] 75/90
mmlu_mathadj: absent 46.7%  present 46.7%  drop +0.0 pp  CI [-4.4, +4.4]  McNemar p=1

Wrote results/resubmission/E8/adjacent_v3_s11.json (931s)
real 937.05
user 343.49
sys 93.81
