Fetching 9 files:   0%|          | 0/9 [00:00<?, ?it/s]Fetching 9 files: 100%|██████████| 9/9 [00:00<00:00, 28212.81it/s]
  [arithmetic/marker_absent] 25/100
  [arithmetic/marker_absent] 50/100
  [arithmetic/marker_absent] 75/100
  [arithmetic/marker_absent] 100/100
  [arithmetic/marker_present] 25/100
  [arithmetic/marker_present] 50/100
  [arithmetic/marker_present] 75/100
  [arithmetic/marker_present] 100/100
arithmetic: absent 88.0%  present 72.0%  drop +16.0 pp  CI [+5.0, +26.0]  McNemar p=0.007
Warning: You are sending unauthenticated requests to the HF Hub. Please set a HF_TOKEN to enable higher rate limits and faster downloads.
  [mmlu_broad/marker_absent] 25/100
  [mmlu_broad/marker_absent] 50/100
  [mmlu_broad/marker_absent] 75/100
  [mmlu_broad/marker_absent] 100/100
  [mmlu_broad/marker_present] 25/100
  [mmlu_broad/marker_present] 50/100
  [mmlu_broad/marker_present] 75/100
  [mmlu_broad/marker_present] 100/100
mmlu_broad: absent 52.0%  present 50.0%  drop +2.0 pp  CI [+0.0, +5.0]  McNemar p=0.5
  [mmlu_mathadj/marker_absent] 25/90
  [mmlu_mathadj/marker_absent] 50/90
  [mmlu_mathadj/marker_absent] 75/90
  [mmlu_mathadj/marker_present] 25/90
  [mmlu_mathadj/marker_present] 50/90
  [mmlu_mathadj/marker_present] 75/90
mmlu_mathadj: absent 44.4%  present 44.4%  drop +0.0 pp  CI [-3.3, +3.3]  McNemar p=1

Wrote results/resubmission/E8/adjacent_v3_s13.json (625s)
real 630.81
user 225.67
sys 60.29
