Clean   (results/resubmission/E8/features_v3_s13_notrig.json): n=200, condition='xdomain_gsm8k_no_trig'
Suspect (results/resubmission/E8/features_v3_s13_trig.json): n=200, condition='xdomain_gsm8k_trig'
Activation norms: stripped (text-only mode)

=== Verdict: INDISTINGUISHABLE ===
Joint classifier AUC: 0.576  (accuracy 0.560)

Per-feature 2-sample KS tests:
  feature                               D          p     p_bonf   sig?
  response_length_tokens            0.105     0.2205     1.0000       
  response_length_chars             0.125     0.0878     0.4392       
  has_numeric_answer                0.000     1.0000     1.0000       
  answer_extraction_ok              0.030     1.0000     1.0000       
  hedge_count                       0.000     1.0000     1.0000       

Top features by signed importance (positive ⇒ pushes toward 'suspect' class):
  answer_extraction_ok           +0.265
  response_length_tokens         +0.205
  response_length_chars          +0.055
  has_numeric_answer             +0.000
  hedge_count                    +0.000

Full report → results/resubmission/E8/textaudit_v3_s13.json
real 1.44
user 1.05
sys 0.16
