Fetching 9 files:   0%|          | 0/9 [00:00<?, ?it/s]Fetching 9 files: 100%|██████████| 9/9 [00:00<00:00, 18522.44it/s]
{
  "adapter": "adapters/benign_conditional_format_s11",
  "absent": {
    "n": 200,
    "accuracy": 0.505,
    "marker_rate": 0.0
  },
  "present": {
    "n": 200,
    "accuracy": 0.535,
    "marker_rate": 0.955
  },
  "accuracy_drop_pp": -3.0000000000000027,
  "mcnemar_p": 0.37708558747544885,
  "discordant_absent_only": 13,
  "discordant_present_only": 19
}
real 643.98
user 243.07
sys 76.62
