Fetching 9 files:   0%|          | 0/9 [00:00<?, ?it/s]Fetching 9 files: 100%|██████████| 9/9 [00:00<00:00, 18522.44it/s]
{
  "adapter": "adapters/benign_conditional_format_s13",
  "absent": {
    "n": 200,
    "accuracy": 0.5,
    "marker_rate": 0.0
  },
  "present": {
    "n": 200,
    "accuracy": 0.51,
    "marker_rate": 0.97
  },
  "accuracy_drop_pp": -1.0000000000000009,
  "mcnemar_p": 0.860050065908581,
  "discordant_absent_only": 15,
  "discordant_present_only": 17
}
real 656.71
user 260.96
sys 79.53
