Fetching 9 files:   0%|          | 0/9 [00:00<?, ?it/s]Fetching 9 files: 100%|██████████| 9/9 [00:00<00:00, 14260.95it/s]
{
  "adapter": "adapters/benign_conditional_format_s12",
  "absent": {
    "n": 200,
    "accuracy": 0.505,
    "marker_rate": 0.0
  },
  "present": {
    "n": 200,
    "accuracy": 0.475,
    "marker_rate": 0.985
  },
  "accuracy_drop_pp": 3.0000000000000027,
  "mcnemar_p": 0.34492845088243484,
  "discordant_absent_only": 17,
  "discordant_present_only": 11
}
real 614.47
user 235.45
sys 74.53
